// Jest Snapshot v1, https://goo.gl/fbAQLP

exports[`GField with type switch should render correctly 1`] = `
<div class="col-flex md-6 px-2">
  <div class="g-switch-wrapper">
    <label class="g-switch-container">
      <input type="checkbox">
      <span class="g-switch">
        <span class="g-switch-track">
        </span>
        <span class="g-switch-thumb">
        </span>
      </span>
    </label>
  </div>
</div>
`;
