// Jest Snapshot v1, https://goo.gl/fbAQLP

exports[`GField with type choice should render correctly 1`] = `
<g-col-stub xs12>
  <g-menu-stub offset-y
               z-index="1000"
               modelvalue="false"
               closeoncontentclick="true"
  >
    <g-list-stub items="[object Object],[object Object]">
    </g-list-stub>
  </g-menu-stub>
</g-col-stub>
`;
