// Jest Snapshot v1, https://goo.gl/fbAQLP

exports[`GField with type input should render correctly 1`] = `
<div class="col-flex md-6 px-2">
  <div class="g-tf-wrapper g-tf  r">
    <pass-through class="input">
      <input autocomplete="off"
             class="g-tf-input"
             type="text"
             label="Name"
      >
    </pass-through>
  </div>
</div>
`;
