// Jest Snapshot v1, https://goo.gl/fbAQLP

exports[`GField with type date should render correctly 1`] = `
"<div class=\\"g-col md-6 px-2\\">
  <div class=\\"g-tf-wrapper g-tf r\\">
    <!---->
    <!----> <input autocomplete=\\"off\\" label=\\"Date\\" type=\\"datetime-local\\" class=\\"g-tf-input\\">
    <!----> <label class=\\"g-tf-label g-tf-label__active\\">
      Date
      <!----></label>
    <!---->
    <!---->
    <!---->
    <!---->
  </div>
</div>"
`;
