// Jest Snapshot v1, https://goo.gl/fbAQLP

exports[`GField with type array should render correctly 1`] = `
<g-col-stub xs12
            in-array="false"
>
  <g-btn-stub class="ma-2"
              textcolor="blue lighten-2"
              outlined
              small
  >
    ADD ADDRESS1
  </g-btn-stub>
</g-col-stub>
`;
